0x00,NO
0x01,DEVICE_STATE_ERROR
0x02,DEVICE_SUPERVISOR_DISABLED
0x03,COMMAND_ABORT
0x04,DATA_NOT_STORED
0x05,ERROR_ERASING_FLASH
0x06,COMMUNICATION_BREAK
0x07,INTERNAL_COMMUNICATION_ERROR
0x08,MASTER_CARD_ERROR
0x09,INTERNAL_BUFFER_FULL
0x0a,WRONG_SECTOR
0x0b,DATA_NOT_COPIED
0x0c,WRONG_DOWNLOAD_PARAMETERS
0x0d,DEVICE_PARAMETRIZATION_ERROR
0x0e,NOT_SYNCHRONIZED
0x10,TIMEOUT_DC_LINK_VOLTAGE
0x11,TIMEOUT_AUXILIARY_RELAY_ON
0x12,TIMEOUT_AUXILIARY_RELAY_OFF
0x13,TIMEOUT_MAIN_RELAY_ON
0x14,TIMEOUT_MAIN_RELAY_OFF
0x15,TIMEOUT_DATA_DOWNLOAD
0x16,TIMEOUT_FADE_OUT
0x20,INTERLOCK
0x21,MASTER_SWITCH
0x22,MAGNET_INTERLOCK
0x23,TEMPERATURE_TRANSFORMER
0x24,TEMPERATURE_RECTIFIER
0x25,TEMPERATURE_CONVERTER
0x26,CURRENT_TRANSDUCER
0x27,TEMPERATURE_POLARITY_SWITCH
0x28,POWER_SEMICONDUCTOR
0x29,MAIN_RELAY
0x2a,AD_CONVERTER_CARD
0x2b,POLARITY_SWITCH
0x2c,AUXILIARY_RELAY
0x2d,MASTER_SWITCH_T1
0x2e,MASTER_SWITCH_T2
0x2f,TEMPERATURE_MAGNET
0x30,WATER_MAGNET
0x31,WATER_RACK
0x32,DC_LINK
0x33,TEMPERATURE_RESISTOR
0x34,TIMEOUT_DC_LINK_HIGH_VOLTAGE
0x35,DC_LINK_HIGH_VOLTAGE_TOO_HIGH
0x36,DC_LINK_HIGH_VOLTAGE_TOO_LOW
0x37,DC_LINK_REDUNDANCY_WARNING
0x38,AUXILIARY_SUPPLY_REDUNDANCY_WARNING
0x40,LOAD_CURRENT_TOO_HIGH
0x41,DC_LINK_VOLTAGE_TOO_LOW
0x42,DC_LINK_VOLTAGE_TOO_HIGH
0x44,LOAD_CURRENT_RIPPLE_TOO_HIGH
0x45,DC_LINK_ISOLATION_NOT_OK
0x46,LOAD_ISOLATION_NOT_OK
0x47,LOAD_IMPEDANCE_OUT_OF_RANGE
0x48,SHUT_OFF_CURRENT_TOO_HIGH
0x4a,LOAD_VOLTAGE_DEVIATION_TOO_HIGH
0x4b,LOAD_CURRENT_DEVIATION_TOO_HIGH
0x4c,OUTPUT_FILTER_POWER_TOO_HIGH
0x50,CURRENT_I_A_TOO_HIGH
0x51,CURRENT_I_B_TOO_HIGH
0x52,CURRENT_I_C_TOO_HIGH
0x8a,DOOR_A
0x97,FAN
0x98,EMERGENCY_SWITCH
0xa0,CONVERTER_CURRENT_TOO_HIGH
0xab,TEMPERATURE
0xac,TEMPERATURE_CONVERTER_A
0xad,TEMPERATURE_CONVERTER_B
0xae,TEMPERATURE_CONVERTER_C
0xaf,TEMPERATURE_CABLE
0xb0,DC_LINK_VOLTAGE_Y_TOO_HIGH
0xb1,DC_LINK_VOLTAGE_D_TOO_HIGH
0xb2,DC_LINK_VOLTAGE_Y_TOO_LOW
0xb3,DC_LINK_VOLTAGE_D_TOO_LOW
0xb4,DC_LINK_XY_UNBALANCE_TOO_HIGH
0xb5,LOAD_CURRENT_Y_TOO_HIGH
0xb6,LOAD_CURRENT_D_TOO_HIGH
0xb7,LOAD_XY_UNBALANCE_TOO_HIGH
0xc0,WATCHDOG_DSP
0xc1,WATCHDOG_NIOS
0xc2,WRONG_SYSID
0xc3,FPGA_PARAMETRIZATION_ERROR
0xc4,ADC_PARAMETRIZATION_ERROR
0xc5,DSP_FIFO_FULL
0xc6,INVALID_POWERSUPPLY
0xc7,DSP_BOOT_ERROR
0xc8,GAIN_ERROR
0xca,INTERRUPT_CYCLE_TOO_LONG
0xcb,WATCHDOG_DSP_ISR
0xcc,DIGITAL_OUTPUTS_BLOCKED
0xd0,NIOS_NOT_OK
0xd1,INVALID_POWERSUPPLY_ADDRESS
0xd2,ADC1_NOT_OK
0xd3,ADC2_NOT_OK
0xd4,CPLD_NOT_OK
0xd5,INCOMPATIBLE_FPGA_FIRMWARE
0xd6,INCOMPATIBLE_CPLD_FIRMWARE
0xd7,INCOMPATIBLE_NIOS_SOFTWARE
0xd8,INCOMPATIBLE_DSP_SOFTWARE
0xd9,INVALID_PS_MULTIPLICITY_TYPE
0xda,SYSTEM_STATE_ERROR
0xdb,SYSTEM_PARAMETRIZATION_ERROR
0xe0,NIOS_INVALID_REGISTER
0xe1,PWM_DMA_NOT_FINISHED
