0x00,SINGLE_QUADRANT,int
0x01,PWM_FREQUENCY,int
0x02,PWM_V_PHASE,int
0x03,PWM_MODE_FPGA,int
0x04,PS_TYPE,int
0x05,PWM_SYNC_PHASE,int
0x06,KP,float
0x07,PWM_W_PHASE,int
0x08,MINIMUM_PULSE_WIDTH,int
0x09,KI,float
0x0a,I2V_GAIN,float
0x0b,OFFSET_ERROR,float
0x0c,GAIN_ERROR,float
0x0d,MAX_IREF,float
0x0e,MIN_IREF,float
0x0f,MAX_dIdt,float
0x10,MIN_dIdt,float
0x11,MAX_ETOTAL,float
0x12,PWM_FB_MASK,int
0x13,PWM_DEAD_TIME,int
0x14,MIN_ETOTAL,float
0x15,WAVEFORM_START,int
0x16,WAVEFORM_CYCLE,int
0x17,WAVEFORM_0_FINAL,float
0x18,WAVEFORM_1_FINAL,float
0x19,WAVEFORM_2_FINAL,float
0x1a,WAVEFORM_3_FINAL,float
0x1b,WAVEFORM_0_SIZE,int
0x1c,WAVEFORM_1_SIZE,int
0x1d,WAVEFORM_2_SIZE,int
0x1e,WAVEFORM_3_SIZE,int
0x1f,WAVEFORM_0_PERIOD,int
0x20,WAVEFORM_1_PERIOD,int
0x21,WAVEFORM_2_PERIOD,int
0x22,WAVEFORM_3_PERIOD,int
0x23,WAVEFORM_0_TOP,int
0x24,WAVEFORM_1_TOP,int
0x25,WAVEFORM_2_TOP,int
0x26,WAVEFORM_3_TOP,int
0x27,INTERLOCK_MASK,hex
0x28,INTERLOCK_VMON,float
0x29,INTERLOCK_ILOAD,float
0x2a,MAX_LOAD_RESISTANCE,float
0x2b,MIN_LOAD_RESISTANCE,float
0x2c,REF_LOAD_RESISTANCE,float
0x2d,TOLERANCE_LOAD_RESISTANCE,float
0x2e,INTERLOCK_IEARTH,float
0x2f,INTERLOCK_dIdt,float
0x30,INTERLOCK_ERROR,float
0x31,INTERLOCK_TEMPERATURE,float
0x32,MAX_PCO_VOUT,float
0x33,MAX_PCO_IOUT,float
0x34,DPC_CC_ID,int
0x35,CHANNEL_ILOAD_P,int
0x36,CHANNEL_ILOAD_N,int
0x37,CHANNEL_TEMPERATURE_P,int
0x38,CHANNEL_TEMPERATURE_N,int
0x39,CHANNEL_IEARTH_P,int
0x3a,CHANNEL_IEARTH_N,int
0x3b,CHANNEL_VMON_P,int
0x3c,CHANNEL_VMON_N,int
0x3d,CHANNEL_IMON_P,int
0x3e,CHANNEL_IMON_N,int
0x3f,OFFSET_CALIBRATION,float
0x70,CPF_CONFIG,int
0x90,USES_DPC_AD,int
0x91,PS_MULTIPLICITY_TYPE,int
0xf0,DEVICE_ID_NUMBER,int
0xff,FILE_ACTIVE,hex
