0x00,SINGLE_QUADRANT,int	
0x01,PWM_FREQUENCY,int
0x02,PWM_V_PHASE,int	
0x03,PWM_MODE_FPGA,int	
0x05,PWM_SYNC_PHASE,int	
0x07,PWM_W_PHASE,int	
0x08,MINIMUM_PULSE_WIDTH,int	
0x10,RESTART_LATENCY,int	
0x11,AUXILIARY_RELAY_ON_TIME,int	
0x12,PWM_FB_MASK,int	
0x13,PWM_DEAD_TIME,int	
0x14,DIGITAL_INPUTS_MASK,int	
0x15,DIGITAL_OUTPUTS_MASK,int	
0x18,MAX_FAN_OFF_TIME,int	
0x19,MAX_DOOR_OPEN_TIME,int	
0x20,MEAS_RANGE_I_OUT,float
0x21,MAX_SWITCH_OFF_CURRENT,float
0x22,MEAS_RANGE_U,float
0x23,MAX_U_DC_ITLK,float
0x24,MIN_U_DC_ITLK,float
0x26,MAX_I_OUT_ITLK,float
0x27,MIN_I_OUT_ITLK,float
0x29,MAX_U_OUT_DYN_ITLK,float
0x2a,MAX_LOAD_RESISTANCE,float
0x2b,MIN_LOAD_RESISTANCE,float
0x2c,REF_LOAD_RESISTANCE,float
0x2d,TOLERANCE_LOAD_RESISTANCE,float
0x2e,MAX_U_ASYM_LOAD_ITLK,float
0x30,K_FILT_I,float
0x32,K_FILT_U_ASYM,float
0x33,K_DUDT_U_MAGNET,float
0x34,K_FILT_R_LOAD,float
0x3c,MAX_DI_REF_DT_INTERLOCK,float
0x3d,MIN_DI_REF_DT_INTERLOCK,float
0x3e,DI_REF_DT_SOFT_SWITCH_OFF,float
0x3f,SWITCH_DI_REF_DT,float
0x40,MAX_I_REF,float
0x41,MIN_I_REF,float
0x42,MAX_DI_REF_DT_L,float
0x43,MIN_DI_REF_DT_L,float
0x44,MAX_DI_REF_DT_H,float
0x45,MIN_DI_REF_DT_H,float
0x46,MAX_K_P,float
0x47,MIN_K_P,float
0x48,MAX_M0_1,float
0x49,MIN_M0_1,float
0x4a,MAX_M0_2,float
0x4b,MIN_M0_2,float
0x4c,MAX_M0_4,float
0x4d,MIN_M0_4,float
0x4e,MAX_DM2_DT,float
0x4f,MIN_DM2_DT,float
0x50,MAX_M3,float
0x51,MIN_M3,float
0x52,MAX_M,float
0x53,MIN_M,float
0x60,K_I,float
0x61,K_P,float
0x62,K_AW,float
0x63,K_I_REF,float
0x64,K_FILT_M,float
0x65,K_U_DC_HP,float
0x70,CPF_CONFIG,int
0x80,TOLERANCE_U_MEAS_SV,float
0x81,TOLERANCE_I_MEAS_SV,float
0x82,K_FILT_U_SV,float
0x83,K_FILT_I_SV,float
0x84,INTERNAL_RESISTANCE,float
0x90,USES_DPC_AD,int
0x91,PS_MULTIPLICITY_TYPE,int
0xb0,OUTPUT_FILTER_RESISTANCE,float
0xb1,OUTPUT_FILTER_CAPACITANCE,float
0xb2,OUTPUT_FILTER_MAX_POWER,float
0xb3,K_FILT_POWER,float
0xbe,IS_50A_PS,int
0xbf,TEMP_FET_ALARM,float
0xf0,DEVICE_ID_NUMBER,int	
0xf5,PARAMETER_SET_NAME_2,int	
0xf6,PARAMETER_SET_NAME_3,int	
0xf7,PARAMETER_SET_NAME_4,int	
0xf8,PARAMETER_SET_NAME_5,int	
0xf9,PARAMETER_SET_NAME_6,int	
0xfa,PARAMETER_SET_NAME_7,int	
0xfb,PARAMETER_SET_NAME_8,int
0xff,FILE_ACTIVE,hex

0xc0,KP,float
0xc1,KI,float
0xc2,I2V_GAIN,float
0xc3,OFFSET_ERROR,float
0xc4,GAIN_ERROR,float
0xc5,MAX_IREF,float
0xc6,MIN_IREF,float
0xc7,MAX_dIdt,float
0xc8,MIN_dIdt,float
0xc9,MAX_ETOTAL,float
0xca,MIN_ETOTAL,float
0xcb,WAVEFORM_START,int
0xcc,WAVEFORM_CYCLE,int
0xcd,WAVEFORM_0_FINAL,float
0xce,WAVEFORM_1_FINAL,float
0xcf,WAVEFORM_2_FINAL,float
0xd0,WAVEFORM_3_FINAL,float
0xd1,WAVEFORM_0_SIZE,int
0xd2,WAVEFORM_1_SIZE,int
0xd3,WAVEFORM_2_SIZE,int
0xd4,WAVEFORM_3_SIZE,int
0xd5,WAVEFORM_0_PERIOD,int
0xd6,WAVEFORM_1_PERIOD,int
0xd7,WAVEFORM_2_PERIOD,int
0xd8,WAVEFORM_3_PERIOD,int
0xd9,WAVEFORM_0_TOP,int
0xda,WAVEFORM_1_TOP,int
0xdb,WAVEFORM_2_TOP,int
0xdc,WAVEFORM_3_TOP,int
0xdd,PULS_MONITOR,int
0xde,INTERLOCK_VMON,float
0xdf,INTERLOCK_ILOAD,float
0xe0,INTERLOCK_IEARTH,float
0xe1,INTERLOCK_dIdt,float
0xe2,INTERLOCK_ERROR,float
0xe3,INTERLOCK_TEMPERATURE,float
0xe4,MAX_PCO_VOUT,float
0xe5,MAX_PCO_IOUT,float
0xe6,DPC_CC_ID,int
0xe9,CHANNEL_ILOAD_P,int
0xea,CHANNEL_ILOAD_N,int
0xeb,CHANNEL_TEMPERATURE_P,int
0xec,CHANNEL_TEMPERATURE_N,int
0xed,CHANNEL_IEARTH_P,int
0xee,CHANNEL_IEARTH_N,int
0xef,CHANNEL_VMON_P,int
0xf1,CHANNEL_VMON_N,int
0xf2,CHANNEL_IMON_P,int
0xf3,CHANNEL_IMON_N,int
0xf4,OFFSET_CALIBRATION,float
