0x01,COMMUNICATION_ERRORS,int
0x02,SYSTEM_PRIORITY,int
0x04,SYSTEM_OPERATION_STATE,int
0x05,RELOAD_PROGRAM,hex
0x23,DATA_TRANSFER_INIT,hex
0x25,DATA_BLOCK_DESTINATION,hex
0x80,DEVICE_ON_OFF,int
0x81,DEVICE_OPERATING_STATE,int
0x83,DEVICE_PARAMETERIZATION,hex
0x85,REFUSED_COMMANDS,hex

0x87,STARTUP_DISORDERS,hex
0x88,RUNTIME_DISORDERS,hex
0x89,SHUTDOWN_DISORDERS,hex
0x8a,DISORDERS,hex

0x06,WATCHDOG_STATUS,hex
0x07,SOFTWARE_VERSION,float
0x0b,PS_SELECT,int
0x0d,FIRMWARE_VERSION,float
0x0e,FIRMWARE_REVISION,int
0x0f,FIRMWARE_SHA1,hex
0x10,COMMAND,int

0x22,APPLICATION,int

0x3a,KP,float
0x3b,KI,float
0x3c,I2V_GAIN,float
0x3d,OFFSET_ERROR,float
0x3e,GAIN_ERROR,float
0x3f,MAX_IREF,float
0x40,MIN_IREF,float
0x41,MAX_dIdt,float
0x42,MIN_dIdt,float
0x43,MAX_ETOTAL,float
0x44,MIN_ETOTAL,float

0x50,ADC_A0,float
0x51,ADC_A1,float
0x52,ADC_A2,float
0x53,ADC_A3,float
0x54,ADC_A4,float
0x55,ADC_A5,float
0x56,ADC_B0,float
0x57,ADC_B1,float
0x58,ADC_B2,float
0x59,ADC_B3,float
0x5a,ADC_B4,float
0x5b,ADC_B5,float
0x5c,ADC_C0,float
0x5d,ADC_C1,float

0x60,SLOW_OUTPUTS,hex
0x62,FILTER_ORDER,int
0x63,MODE,int
0x65,PCO_FAULTS1,hex
0x66,PCO_STATUS,hex
0x67,STATE_STATUS,int
0x68,STATE_TIA,int
0x69,STATE_PCO,int
0x6a,STATE_OFF,int
0x6b,STATE_STANDBY,int
0x6c,STATE_ON,int
0x6d,STATE_FAULT,int
0x6e,STATE_RESET,int
0x6f,FIRST_FAULT,hex
0x70,SLOW_INPUTS,hex
0x71,FAST_INPUTS,hex
0x72,FAULTS,hex
0x73,PCO_FAULTS,hex
0x74,STATE_SYNCHRONIZER,int
0x75,STATE_HANDLER,int
0x76,STATE_SEQUENCER,int
0x77,STATE_PLAYER,int
0x78,STATE_LOGGER,int
0x79,STATE_CONVERTER,int
0x7a,STATE_TERMINAL,int
0x7b,TEMPERATURE_CC,float
0x7c,TEMPERATURE_IDAC,float
0x7d,LOG_INDEX,int
0x7e,SECOND,int
0x7f,WARNINGS,hex

0x90,REFERENCE,float
0x91,IREF,float
0x92,IREF_OLD,float
0x93,dIREF,float
0x94,ILOAD,float
0x95,ERROR,float
0x96,PERROR,float
0x97,INTERROR_IN,float
0x98,INTERROR_IN_OLD,float
0x99,INTERROR,float
0x9a,INTERROR_OLD,float
0x9b,MAX_INTERROR,float
0x9c,MIN_INTERROR,float
0x9d,ETOTAL,float
0x9e,VMON,float
0x9f,IMON,float
0xa0,RMON,float
0xa1,IEARTH,float

0xa2,WAVEFORM_NEXT,int
0xa3,WAVEFORM_START,int
0xa4,WAVEFORM_CYCLE,int
0xa5,WAVEFORM_0_SIZE,int
0xa6,WAVEFORM_1_SIZE,int
0xa7,WAVEFORM_2_SIZE,int
0xa8,WAVEFORM_3_SIZE,int
0xa9,WAVEFORM_0_FINAL,float
0xaa,WAVEFORM_1_FINAL,float
0xab,WAVEFORM_2_FINAL,float
0xac,WAVEFORM_3_FINAL,float
0xad,WAVEFORM_0_PERIOD,int
0xae,WAVEFORM_1_PERIOD,int
0xaf,WAVEFORM_2_PERIOD,int
0xb0,WAVEFORM_3_PERIOD,int
0xb1,WAVEFORM_0_TOP,int
0xb2,WAVEFORM_1_TOP,int
0xb3,WAVEFORM_2_TOP,int
0xb4,WAVEFORM_3_TOP,int
0xb6,TEMPERATURE_ADC,float
0xb7,RESERVED,float
0xb8,DAC_REFERENCE,int
0xb9,MAX_PCO_VOUT,float
0xba,MAX_PCO_IOUT,float
0xbb,INTERLOCK_VMON,float	
0xbc,INTERLOCK_ILOAD,float 
0xbd,INTERLOCK_IEARTH,float
0xc9,INTERLOCK_dIdt,float
0xca,INTERLOCK_ERROR,float
0xcb,INTERLOCK_TEMPERATURE,float
0xcc,DPC_CC_ID,int
